
This GDB supports auto-downloading debuginfo from the following URLs:
  <https://debuginfod.ubuntu.com>
Enable debuginfod for this session? (y or [n]) [answered N; input not from terminal]
Debuginfod has been disabled.
To make this setting permanent, add 'set debuginfod enabled off' to .gdbinit.
[Thread debugging using libthread_db enabled]
Using host libthread_db library "/lib/x86_64-linux-gnu/libthread_db.so.1".
🐺 Wolf HTTP Engine — 4 cores, port 19090
   Architecture: Thread-Per-Core + io_uring (Phase 2)
   Arena pool: 256 × 64KB per core
   Send SIGTERM or Ctrl+C to shut down gracefully.
[New Thread 0x7ffff63416c0 (LWP 74039)]
[WOLF-ENGINE] Core 0 started (tid=140737323996864)
[New Thread 0x7ffff5b406c0 (LWP 74043)]
[WOLF-ENGINE] Core 1 started (tid=140737315604160)
[WOLF-ENGINE] Core 2 started (tid=140737307211456)
[New Thread 0x7ffff533f6c0 (LWP 74045)]
[New Thread 0x7ffff4b3e6c0 (LWP 74046)]

Thread 3 "61_route_ping" received signal SIGSEGV, Segmentation fault.
[Switching to Thread 0x7ffff5b406c0 (LWP 74043)]
wolf_arena_reset (arena=0x555556e84360) at /tmp/wolf_compiler_assets/runtime/wolf_http_engine.c:514
514	        free(curr->slab);

Thread 5 (Thread 0x7ffff4b3e6c0 (LWP 74046) "61_route_ping"):
#0  clone3 () at ../sysdeps/unix/sysv/linux/x86_64/clone3.S:62
#1  0x0000000000000000 in ?? ()

Thread 4 (Thread 0x7ffff533f6c0 (LWP 74045) "61_route_ping"):
#0  wolf_arena_reset (arena=0x555557e89d00) at /tmp/wolf_compiler_assets/runtime/wolf_http_engine.c:514
#1  on_send_complete (client_fd=159, ctx_ptr=0x7ffff518fd00, bytes_written=<optimized out>) at /tmp/wolf_compiler_assets/runtime/wolf_http_engine.c:970
#2  0x00005555555f6161 in wolf_uring_poll (r=0x555557e89700, timeout_ms=timeout_ms@entry=100) at /tmp/wolf_compiler_assets/runtime/wolf_uring.c:110
#3  0x00005555555f74d2 in wolf_core_thread (arg=0x555559e95c70) at /tmp/wolf_compiler_assets/runtime/wolf_http_engine.c:1172
#4  0x00007ffff788f6ba in start_thread (arg=<optimized out>) at ./nptl/pthread_create.c:444
#5  0x00007ffff791e120 in clone3 () at ../sysdeps/unix/sysv/linux/x86_64/clone3.S:81

Thread 3 (Thread 0x7ffff5b406c0 (LWP 74043) "61_route_ping"):
#0  wolf_arena_reset (arena=0x555556e84360) at /tmp/wolf_compiler_assets/runtime/wolf_http_engine.c:514
#1  on_send_complete (client_fd=82, ctx_ptr=0x7ffff5990d00, bytes_written=<optimized out>) at /tmp/wolf_compiler_assets/runtime/wolf_http_engine.c:970
#2  0x00005555555f6161 in wolf_uring_poll (r=0x555556e83d60, timeout_ms=timeout_ms@entry=100) at /tmp/wolf_compiler_assets/runtime/wolf_uring.c:110
#3  0x00005555555f74d2 in wolf_core_thread (arg=0x555559e95b10) at /tmp/wolf_compiler_assets/runtime/wolf_http_engine.c:1172
#4  0x00007ffff788f6ba in start_thread (arg=<optimized out>) at ./nptl/pthread_create.c:444
#5  0x00007ffff791e120 in clone3 () at ../sysdeps/unix/sysv/linux/x86_64/clone3.S:81

Thread 2 (Thread 0x7ffff63416c0 (LWP 74039) "61_route_ping"):
#0  wolf_arena_reset (arena=0x555555e7e9c0) at /tmp/wolf_compiler_assets/runtime/wolf_http_engine.c:514
#1  on_send_complete (client_fd=117, ctx_ptr=0x7ffff6191d00, bytes_written=<optimized out>) at /tmp/wolf_compiler_assets/runtime/wolf_http_engine.c:970
#2  0x00005555555f6161 in wolf_uring_poll (r=0x555555e7e3c0, timeout_ms=timeout_ms@entry=100) at /tmp/wolf_compiler_assets/runtime/wolf_uring.c:110
#3  0x00005555555f74d2 in wolf_core_thread (arg=0x555559e959b0) at /tmp/wolf_compiler_assets/runtime/wolf_http_engine.c:1172
#4  0x00007ffff788f6ba in start_thread (arg=<optimized out>) at ./nptl/pthread_create.c:444
#5  0x00007ffff791e120 in clone3 () at ../sysdeps/unix/sysv/linux/x86_64/clone3.S:81

Thread 1 (Thread 0x7ffff65fdfc0 (LWP 73971) "61_route_ping"):
#0  clone3 () at ../sysdeps/unix/sysv/linux/x86_64/clone3.S:62
#1  0x00007ffff791e091 in __GI___clone_internal (cl_args=cl_args@entry=0x7fffffffd0f0, func=func@entry=0x7ffff788f3d0 <start_thread>, arg=arg@entry=0x7ffff4b3e6c0) at ../sysdeps/unix/sysv/linux/clone-internal.c:54
#2  0x00007ffff788f2d0 in create_thread (pd=pd@entry=0x7ffff4b3e6c0, attr=attr@entry=0x7fffffffd1f0, stopped_start=stopped_start@entry=0x7fffffffd1e6, stackaddr=stackaddr@entry=0x7ffff433e000, stacksize=<optimized out>, thread_ran=thread_ran@entry=0x7fffffffd1e7) at ./nptl/pthread_create.c:297
#3  0x00007ffff788fd78 in __pthread_create_2_1 (newthread=newthread@entry=0x555558e8f018, attr=attr@entry=0x0, start_routine=start_routine@entry=0x5555555f70b0 <wolf_core_thread>, arg=arg@entry=0x555559e95dd0) at ./nptl/pthread_create.c:833
#4  0x00005555555f6fc8 in wolf_engine_start (engine=0x555555e7e2d0, handler=handler@entry=0x555555e7e2a0, ws_handler=0x0) at /tmp/wolf_compiler_assets/runtime/wolf_http_engine.c:1487
#5  0x00005555555f7854 in wolf_http_serve (port=19090, handler_ptr=0x555555e7e2a0) at /tmp/wolf_compiler_assets/runtime/wolf_http_engine.c:1607
#6  0x00005555555edd91 in main ()
A debugging session is active.

	Inferior 1 [process 73971] will be killed.

Quit anyway? (y or n) [answered Y; input not from terminal]
