>> Build started: e2e/testdata/66_regression_server.wolf
>> Phase 1: Lexing e2e/testdata/66_regression_server.wolf
>> Phase 2: Parsing
>> Phase 2.5: AutoDiscover
wolf: auto-discovered /home/askme/Pictures/wolf-lang/stdlib/higher_order.wolf
wolf: auto-discovered /home/askme/Pictures/wolf-lang/libraries/Controller.wolf
wolf: auto-discovered /home/askme/Pictures/wolf-lang/libraries/Core.wolf
wolf: auto-discovered /home/askme/Pictures/wolf-lang/libraries/Database.wolf
wolf: auto-discovered /home/askme/Pictures/wolf-lang/libraries/Http.wolf
wolf: auto-discovered /home/askme/Pictures/wolf-lang/libraries/Redis.wolf
wolf: auto-discovered /home/askme/Pictures/wolf-lang/models/UserModel.wolf
>> Phase 2.8: Dispatchers
>> Phase 3: Resolve
>> Phase 4: Typecheck
>> Phase 5: Emit WIR
>> Phase 5.5: Build Go Plugins (c-archive)
>> Phase 6: Emit LLVM
>> Done returning
>> Compile finished
>> Running opt -O3 (.ll → .bc)
>> opt finished
>> Testing hasLLC
>> Running llc
>> llc finished
>> Checking compiled
>> Setting up wolf runtime args
wolf: linker command: [/usr/bin/clang -o /home/askme/Pictures/wolf-lang/wolf_out/66_regression_server /home/askme/Pictures/wolf-lang/wolf_out/66_regression_server.o /home/askme/Pictures/wolf-lang/wolf_out/wolf_runtime.o -pthread -g -luring /tmp/cache/goplugin.a -L/opt/lampp/lib/ -lmariadb /tmp/wolf_compiler_assets/third_party/lib/linux_x64/libsodium.a /tmp/wolf_compiler_assets/third_party/lib/linux_x64/libssl.a /tmp/wolf_compiler_assets/third_party/lib/linux_x64/libcrypto.a -Wl,-rpath,/opt/lampp/lib -lm -luring]
[WOLF-ENGINE] SEND_ZC: disabled (fallback to copy-send)
[WOLF-ENGINE] SPSC Matrix: enabled (lock-free completion routing)
🐺 Wolf HTTP Engine — 4 cores, port 19070
   Architecture: Thread-Per-Core + io_uring (Phase 2)
   Arena pool: 256 × 64KB per core
   Send SIGTERM or Ctrl+C to shut down gracefully.
[WOLF-POOL] Spawning 4 worker threads (lock-free per-core queues + work-stealing)...
[WOLF-POOL] Shared/container/macOS/Windows mode — skipping affinity + RT.
[WOLF-POOL] Pool ready (4 threads).
[WOLF-ENGINE] Core 0 started (tid=140256375715520)
[WOLF-ENGINE] Core 1 started (tid=140256367322816)
[WOLF-ENGINE] Core 2 started (tid=140256358930112)
[WOLF-ENGINE] Core 3 started (tid=140256350537408)
