mode: set
github.com/wolflang/wolf/internal/ir/clone.go:7.30,9.20 2 1
github.com/wolflang/wolf/internal/ir/clone.go:9.20,11.3 1 1
github.com/wolflang/wolf/internal/ir/clone.go:12.2,13.28 2 1
github.com/wolflang/wolf/internal/ir/clone.go:16.48,17.18 1 1
github.com/wolflang/wolf/internal/ir/clone.go:17.18,19.3 1 0
github.com/wolflang/wolf/internal/ir/clone.go:21.2,21.18 1 1
github.com/wolflang/wolf/internal/ir/clone.go:22.19,23.16 1 1
github.com/wolflang/wolf/internal/ir/clone.go:23.16,25.4 1 1
github.com/wolflang/wolf/internal/ir/clone.go:27.3,30.13 4 1
github.com/wolflang/wolf/internal/ir/clone.go:32.22,34.37 2 1
github.com/wolflang/wolf/internal/ir/clone.go:34.37,37.39 2 1
github.com/wolflang/wolf/internal/ir/clone.go:37.39,38.13 1 0
github.com/wolflang/wolf/internal/ir/clone.go:40.4,40.42 1 1
github.com/wolflang/wolf/internal/ir/clone.go:42.3,42.16 1 1
github.com/wolflang/wolf/internal/ir/clone.go:44.21,45.16 1 1
github.com/wolflang/wolf/internal/ir/clone.go:45.16,47.4 1 1
github.com/wolflang/wolf/internal/ir/clone.go:48.3,49.32 2 1
github.com/wolflang/wolf/internal/ir/clone.go:49.32,51.4 1 1
github.com/wolflang/wolf/internal/ir/clone.go:52.3,52.16 1 1
github.com/wolflang/wolf/internal/ir/clone.go:54.19,55.16 1 1
github.com/wolflang/wolf/internal/ir/clone.go:55.16,57.4 1 1
github.com/wolflang/wolf/internal/ir/clone.go:58.3,59.35 2 1
github.com/wolflang/wolf/internal/ir/clone.go:59.35,61.4 1 1
github.com/wolflang/wolf/internal/ir/clone.go:62.3,62.16 1 1
github.com/wolflang/wolf/internal/ir/clone.go:64.25,65.16 1 1
github.com/wolflang/wolf/internal/ir/clone.go:65.16,67.4 1 0
github.com/wolflang/wolf/internal/ir/clone.go:70.3,74.32 2 1
github.com/wolflang/wolf/internal/ir/clone.go:76.10,78.11 1 1
github.com/wolflang/wolf/internal/ir/clone.go:84.57,86.2 1 1
github.com/wolflang/wolf/internal/ir/clone.go:88.70,89.18 1 1
github.com/wolflang/wolf/internal/ir/clone.go:89.18,91.3 1 0
github.com/wolflang/wolf/internal/ir/clone.go:93.2,93.18 1 1
github.com/wolflang/wolf/internal/ir/clone.go:94.38,95.17 1 1
github.com/wolflang/wolf/internal/ir/clone.go:95.17,97.4 1 1
github.com/wolflang/wolf/internal/ir/clone.go:99.22,100.37 1 1
github.com/wolflang/wolf/internal/ir/clone.go:100.37,102.23 2 1
github.com/wolflang/wolf/internal/ir/clone.go:102.23,104.13 1 0
github.com/wolflang/wolf/internal/ir/clone.go:106.4,109.21 2 1
github.com/wolflang/wolf/internal/ir/clone.go:110.64,111.39 1 1
github.com/wolflang/wolf/internal/ir/clone.go:111.39,112.52 1 1
github.com/wolflang/wolf/internal/ir/clone.go:112.52,114.7 1 1
github.com/wolflang/wolf/internal/ir/clone.go:116.23,117.86 1 1
github.com/wolflang/wolf/internal/ir/clone.go:117.86,118.39 1 1
github.com/wolflang/wolf/internal/ir/clone.go:118.39,120.52 2 1
github.com/wolflang/wolf/internal/ir/clone.go:120.52,122.8 1 1
github.com/wolflang/wolf/internal/ir/clone.go:128.4,128.39 1 1
github.com/wolflang/wolf/internal/ir/clone.go:131.21,132.32 1 1
github.com/wolflang/wolf/internal/ir/clone.go:132.32,134.4 1 1
github.com/wolflang/wolf/internal/ir/ir_nodes.go:79.31,79.32 0 0
github.com/wolflang/wolf/internal/ir/ir_nodes.go:88.30,88.31 0 0
github.com/wolflang/wolf/internal/ir/ir_nodes.go:95.28,95.29 0 0
github.com/wolflang/wolf/internal/ir/ir_nodes.go:102.30,102.31 0 0
github.com/wolflang/wolf/internal/ir/ir_nodes.go:112.26,112.27 0 0
github.com/wolflang/wolf/internal/ir/ir_nodes.go:128.27,128.28 0 0
github.com/wolflang/wolf/internal/ir/ir_nodes.go:138.29,138.30 0 0
github.com/wolflang/wolf/internal/ir/ir_nodes.go:147.30,147.31 0 0
github.com/wolflang/wolf/internal/ir/ir_nodes.go:160.29,160.30 0 0
github.com/wolflang/wolf/internal/ir/ir_nodes.go:169.32,169.33 0 0
github.com/wolflang/wolf/internal/ir/ir_nodes.go:177.29,177.30 0 0
github.com/wolflang/wolf/internal/ir/ir_nodes.go:182.31,182.32 0 0
github.com/wolflang/wolf/internal/ir/ir_nodes.go:189.29,189.30 0 0
github.com/wolflang/wolf/internal/ir/ir_nodes.go:196.27,196.28 0 0
github.com/wolflang/wolf/internal/ir/ir_nodes.go:206.33,206.34 0 0
github.com/wolflang/wolf/internal/ir/ir_nodes.go:214.29,214.30 0 0
github.com/wolflang/wolf/internal/ir/ir_nodes.go:228.25,228.26 0 0
github.com/wolflang/wolf/internal/ir/ir_nodes.go:235.26,235.27 0 0
github.com/wolflang/wolf/internal/ir/ir_nodes.go:242.28,242.29 0 0
github.com/wolflang/wolf/internal/ir/ir_nodes.go:249.29,249.30 0 0
github.com/wolflang/wolf/internal/ir/ir_nodes.go:256.27,256.28 0 0
github.com/wolflang/wolf/internal/ir/ir_nodes.go:261.26,261.27 0 0
github.com/wolflang/wolf/internal/ir/ir_nodes.go:270.30,270.31 0 0
github.com/wolflang/wolf/internal/ir/ir_nodes.go:278.29,278.30 0 0
github.com/wolflang/wolf/internal/ir/ir_nodes.go:287.28,287.29 0 0
github.com/wolflang/wolf/internal/ir/ir_nodes.go:295.31,295.32 0 0
github.com/wolflang/wolf/internal/ir/ir_nodes.go:305.34,305.35 0 0
github.com/wolflang/wolf/internal/ir/ir_nodes.go:314.30,314.31 0 0
github.com/wolflang/wolf/internal/ir/ir_nodes.go:322.29,322.30 0 0
github.com/wolflang/wolf/internal/ir/ir_nodes.go:330.28,330.29 0 0
github.com/wolflang/wolf/internal/ir/ir_nodes.go:340.26,340.27 0 0
github.com/wolflang/wolf/internal/ir/ir_nodes.go:348.29,348.30 0 0
github.com/wolflang/wolf/internal/ir/ir_nodes.go:357.27,357.28 0 0
github.com/wolflang/wolf/internal/ir/ir_nodes.go:365.30,365.31 0 0
github.com/wolflang/wolf/internal/ir/ir_nodes.go:372.28,372.29 0 0
github.com/wolflang/wolf/internal/ir/ir_nodes.go:380.28,380.29 0 0
github.com/wolflang/wolf/internal/ir/ir_nodes.go:387.28,387.29 0 0
github.com/wolflang/wolf/internal/ir/ir_nodes.go:395.31,395.32 0 0
github.com/wolflang/wolf/internal/ir/ir_nodes.go:403.32,403.33 0 0
github.com/wolflang/wolf/internal/ir/ir_nodes.go:410.28,410.29 0 0
github.com/wolflang/wolf/internal/ir/ir_nodes.go:421.29,421.30 0 0
github.com/wolflang/wolf/internal/ir/ir_nodes.go:429.29,429.30 0 0
github.com/wolflang/wolf/internal/ir/ir_nodes.go:437.31,437.32 0 0
