[0;34m[T3][0m ╔══════════════════════════════════════════════════════════╗
[0;34m[T3][0m ║         Wolf Language — Tier 3 Load Test Suite           ║
[0;34m[T3][0m ║  Target: http://127.0.0.1:19090                        ║
[0;34m[T3][0m ╚══════════════════════════════════════════════════════════╝
[0;34m[T3][0m 
[0;34m[T3][0m Building Wolf server: ./e2e/testdata/61_route_ping.wolf
[0;34m[T3][0m Starting Wolf server on port 19090...
[0;34m[T3][0m Server ready on port 19090 (pid 99814)
[0;34m[T3][0m 
[0;34m[T3][0m ── T3-01: Baseline Throughput (/ping, 4t/100c/30s) ──
[0;34m[T3][0m Running T3-01: Baseline /ping throughput
Running 30s test @ http://127.0.0.1:19090/ping
  4 threads and 100 connections
  Thread Stats   Avg      Stdev     Max   +/- Stdev
    Latency     9.92ms   12.49ms 140.23ms   86.77%
    Req/Sec     3.39k     1.33k   10.64k    80.72%
  Latency Distribution
     50%    5.57ms
     75%   14.31ms
     90%   26.19ms
     99%   56.09ms
  402102 requests in 30.09s, 42.18MB read
Requests/sec:  13363.52
Transfer/sec:      1.40MB
[0;31m❌ FAIL[0m T3-01: RPS 13363.52 < required 40000
[0;31m❌ FAIL[0m T3-01: p99 56.09ms > limit 5ms
[0;32m✅ PASS[0m T3-01: 0 errors (zero errors expected)
[0;34m[T3][0m 
[0;34m[T3][0m ── T3-02: JSON Serialization Throughput (4t/100c/30s) ──
[1;33m⚠️  WARN[0m T3-02 currently uses /ping (small JSON). Wire a /users/1 endpoint with 1KB JSON for full spec compliance.
[0;34m[T3][0m Running T3-02: JSON payload throughput
Running 30s test @ http://127.0.0.1:19090/ping
  4 threads and 100 connections
  Thread Stats   Avg      Stdev     Max   +/- Stdev
    Latency     9.95ms   12.83ms 160.26ms   87.30%
    Req/Sec     3.39k     1.46k   13.31k    80.16%
  Latency Distribution
     50%    5.51ms
     75%   14.30ms
     90%   25.90ms
     99%   58.65ms
  401995 requests in 30.10s, 42.17MB read
Requests/sec:  13356.20
Transfer/sec:      1.40MB
[0;31m❌ FAIL[0m T3-02: RPS 13356.20 < required 20000
[0;31m❌ FAIL[0m T3-02: p99 58.65ms > limit 10ms
[0;32m✅ PASS[0m T3-02: 0 errors (zero errors expected)
[0;34m[T3][0m 
[0;34m[T3][0m ── T3-05: Overload Test (8t/500c/30s) ──
Running 30s test @ http://127.0.0.1:19090/ping
  8 threads and 500 connections
  Thread Stats   Avg      Stdev     Max   +/- Stdev
    Latency    27.97ms   27.98ms 281.55ms   86.49%
    Req/Sec     2.38k     1.15k   11.86k    81.13%
  Latency Distribution
     50%   21.31ms
     75%   40.68ms
     90%   63.59ms
     99%  126.01ms
  558797 requests in 30.10s, 58.62MB read
  Socket errors: connect 0, read 2, write 17, timeout 0
  Non-2xx or 3xx responses: 19
Requests/sec:  18566.51
Transfer/sec:      1.95MB
[0;34m[T3][0m T3-05: 19 errors / 558797 requests = error rate .000034
[0;32m✅ PASS[0m T3-05: error rate .000034 < 0.1%
[0;34m[T3][0m Server stopped (pid 99814)
[0;34m[T3][0m 
[0;34m[T3][0m ── T3-04: Memory Stability (5-minute run) ──
[1;33m⚠️  WARN[0m T3-04 requires a manual run. Start your Wolf server, then run:
[1;33m⚠️  WARN[0m   watch -n 10 'ps aux | grep wolf | grep -v grep | awk "{print \$6}"'
[1;33m⚠️  WARN[0m   Plot with: cat ./bench/tier3_results/rss_samples_*.txt | python3 bench/plot_results.py
[1;33m⚠️  WARN[0m Auto-sampling is available via WOLF_MEM_TEST=1 environment variable.
[0;34m[T3][0m 
[0;34m[T3][0m ── T3-03: DB-bound Throughput — Manual Only ──
[1;33m⚠️  WARN[0m T3-03 requires a live DB. Start a Wolf server with a SELECT route,
[1;33m⚠️  WARN[0m then run: /tmp/wrk/wrk -t4 -c150 -d60s http://localhost:PORT/users/1
[1;33m⚠️  WARN[0m Pass criteria: >= 8,000 RPS, zero panics, connection pool holds.
[1;33m⚠️  WARN[0m Current bench results are in bench/results_real_wolf.txt
[0;34m[T3][0m 
[0;34m[T3][0m ╔══════════════════════════════════════════════════════════╗
[0;34m[T3][0m ║                    T3 Suite Summary                      ║
[0;34m[T3][0m ║  Passed: 1  Failed: 2                                ║
[0;34m[T3][0m ╚══════════════════════════════════════════════════════════╝
[0;34m[T3][0m Full log: ./bench/tier3_results/run_20260628_235424.log
