[0;34m[T3][0m ╔══════════════════════════════════════════════════════════╗
[0;34m[T3][0m ║         Wolf Language — Tier 3 Load Test Suite           ║
[0;34m[T3][0m ║  Target: http://127.0.0.1:19090                        ║
[0;34m[T3][0m ╚══════════════════════════════════════════════════════════╝
[0;34m[T3][0m 
[0;34m[T3][0m Building Wolf server: ./e2e/testdata/61_route_ping.wolf
[0;34m[T3][0m Starting Wolf server on port 19090...
[0;34m[T3][0m Server ready on port 19090 (pid 50996)
[0;34m[T3][0m 
[0;34m[T3][0m ── T3-01: Baseline Throughput (/ping, 4t/100c/30s) ──
[0;34m[T3][0m Running T3-01: Baseline /ping throughput
Running 30s test @ http://127.0.0.1:19090/ping
  4 threads and 100 connections
  Thread Stats   Avg      Stdev     Max   +/- Stdev
    Latency     9.33ms   10.46ms 101.76ms   87.54%
    Req/Sec     2.82k     0.93k    7.45k    74.40%
  Latency Distribution
     50%    6.08ms
     75%   12.95ms
     90%   22.14ms
     99%   48.74ms
  337080 requests in 30.08s, 35.36MB read
  Socket errors: connect 0, read 6, write 0, timeout 0
  Non-2xx or 3xx responses: 15
Requests/sec:  11205.28
Transfer/sec:      1.18MB
[0;31m❌ FAIL[0m T3-01: RPS 11205.28 < required 40000
[0;31m❌ FAIL[0m T3-01: p99 48.74ms > limit 5ms
[0;31m❌ FAIL[0m T3-01: 15 errors (max allowed: 0)
[0;34m[T3][0m 
[0;34m[T3][0m ── T3-02: JSON Serialization Throughput (4t/100c/30s) ──
[1;33m⚠️  WARN[0m T3-02 currently uses /ping (small JSON). Wire a /users/1 endpoint with 1KB JSON for full spec compliance.
[0;34m[T3][0m Running T3-02: JSON payload throughput
Running 30s test @ http://127.0.0.1:19090/ping
  4 threads and 100 connections
  Thread Stats   Avg      Stdev     Max   +/- Stdev
    Latency     4.44ms    5.12ms  25.04ms   87.71%
    Req/Sec     1.80k     1.51k    2.97k    66.67%
  Latency Distribution
     50%    2.99ms
     75%    5.84ms
     90%   11.25ms
     99%   24.89ms
  542 requests in 30.09s, 58.18KB read
  Socket errors: connect 0, read 294, write 588798, timeout 0
  Non-2xx or 3xx responses: 18
Requests/sec:     18.01
Transfer/sec:      1.93KB
[0;31m❌ FAIL[0m T3-02: RPS 18.01 < required 20000
[0;31m❌ FAIL[0m T3-02: p99 24.89ms > limit 10ms
[0;31m❌ FAIL[0m T3-02: 18 errors (max allowed: 0)
[0;34m[T3][0m 
[0;34m[T3][0m ── T3-05: Overload Test (8t/500c/30s) ──
unable to connect to 127.0.0.1:19090 Connection refused
[1;33m⚠️  WARN[0m T3-05: could not parse total requests from wrk output
[0;34m[T3][0m Server stopped (pid 50996)
[0;34m[T3][0m 
[0;34m[T3][0m ── T3-04: Memory Stability (5-minute run) ──
[1;33m⚠️  WARN[0m T3-04 requires a manual run. Start your Wolf server, then run:
[1;33m⚠️  WARN[0m   watch -n 10 'ps aux | grep wolf | grep -v grep | awk "{print \$6}"'
[1;33m⚠️  WARN[0m   Plot with: cat ./bench/tier3_results/rss_samples_*.txt | python3 bench/plot_results.py
[1;33m⚠️  WARN[0m Auto-sampling is available via WOLF_MEM_TEST=1 environment variable.
[0;34m[T3][0m 
[0;34m[T3][0m ── T3-03: DB-bound Throughput — Manual Only ──
[1;33m⚠️  WARN[0m T3-03 requires a live DB. Start a Wolf server with a SELECT route,
[1;33m⚠️  WARN[0m then run: /tmp/wrk/wrk -t4 -c150 -d60s http://localhost:PORT/users/1
[1;33m⚠️  WARN[0m Pass criteria: >= 8,000 RPS, zero panics, connection pool holds.
[1;33m⚠️  WARN[0m Current bench results are in bench/results_real_wolf.txt
[0;34m[T3][0m 
[0;34m[T3][0m ╔══════════════════════════════════════════════════════════╗
[0;34m[T3][0m ║                    T3 Suite Summary                      ║
[0;34m[T3][0m ║  Passed: 0  Failed: 2                                ║
[0;34m[T3][0m ╚══════════════════════════════════════════════════════════╝
[0;34m[T3][0m Full log: ./bench/tier3_results/run_20260628_155832.log
