>> Build started: testdata/31_websocket.wolf
>> Phase 1: Lexing testdata/31_websocket.wolf
>> Phase 2: Parsing
>> Phase 2.5: AutoDiscover
>> Phase 2.8: Dispatchers
>> Phase 3: Resolve
>> Phase 4: Typecheck
>> Phase 5: Emit WIR
>> Phase 6: Emit LLVM
>> Done returning
>> Compile finished
>> Testing hasLLC
>> Running llc
>> llc finished
>> Checking compiled
>> Setting up wolf runtime args
🐺 Wolf HTTP Engine — 4 cores, port 8082
   Architecture: Thread-Per-Core + epoll (Phase 1)
   Arena pool: 128 × 64KB per core
   Send SIGTERM or Ctrl+C to shut down gracefully.
[WOLF-ENGINE] Core 0 started (tid=139895364384448)
[WOLF-ENGINE] Core 1 started (tid=139895355991744)
[WOLF-ENGINE] Core 2 started (tid=139895347599040)
[WOLF-ENGINE] Core 3 started (tid=139895339206336)
[WOLF-WS] poller_add called fd=27 id=0
[WOLF-WS] epoll_ctl ADD fd=27 id=0 rc=0
[WOLF-WS] fd=27 registered into WS poller as slot 0
[WOLF-ENGINE] Core 3 shutting down (served 0 requests)
[WOLF-ENGINE] Core 2 shutting down (served 0 requests)
[WOLF-ENGINE] Shutdown initiated...
[WOLF-ENGINE] Core 1 shutting down (served 0 requests)
[WOLF-ENGINE] Core 0 shutting down (served 0 requests)
[WOLF-ENGINE] All cores stopped.

[WOLF-ENGINE] Per-core stats:
  Core 0: 0 requests, 0 B in, 0 B out
  Core 1: 0 requests, 0 B in, 0 B out
  Core 2: 0 requests, 0 B in, 0 B out
  Core 3: 0 requests, 0 B in, 0 B out
  Total:  0 requests, 0 B in, 0 B out

[WOLF-POOL] Destroying pool (10 slots)...
[WOLF-POOL] Pool destroyed.
[Wolf] Shutdown complete.
